MSBuild version 17.14.40+3e7442088 for .NET Framework

  crowd_phase5_test.vcxproj -> C:\DJROOFRAT\DJ-ROOFRAT\build-vs\Debug\CrowdStateMachine_Phase5_test.exe
  crowd_phase6_test.vcxproj -> C:\DJROOFRAT\DJ-ROOFRAT\build-vs\Debug\CrowdStateMachine_Phase6_test.exe
  crowd_renderer_phase8_test.vcxproj -> C:\DJROOFRAT\DJ-ROOFRAT\build-vs\Debug\CrowdRenderer_Phase8_test.exe
  deck_phase2_test.vcxproj -> C:\DJROOFRAT\DJ-ROOFRAT\build-vs\Debug\Deck_Phase2_test.exe
  deck_phase3_test.vcxproj -> C:\DJROOFRAT\DJ-ROOFRAT\build-vs\Debug\Deck_Phase3_test.exe
  deck_phase4_test.vcxproj -> C:\DJROOFRAT\DJ-ROOFRAT\build-vs\Debug\Deck_Phase4_test.exe
  dj_roofrat.vcxproj -> C:\DJROOFRAT\DJ-ROOFRAT\build-vs\Debug\DJ-ROOFRAT.exe
  effects_phase15_test.vcxproj -> C:\DJROOFRAT\DJ-ROOFRAT\build-vs\Debug\Effects_Phase15_test.exe
  effects_phase16_test.vcxproj -> C:\DJROOFRAT\DJ-ROOFRAT\build-vs\Debug\Effects_Phase16_test.exe
  graphics_context_phase18_test.vcxproj -> C:\DJROOFRAT\DJ-ROOFRAT\build-vs\Debug\GraphicsContext_Phase18_test.exe
  graphics_context_phase7_test.vcxproj -> C:\DJROOFRAT\DJ-ROOFRAT\build-vs\Debug\GraphicsContext_Phase7_test.exe
  graphics_context_phase8_test.vcxproj -> C:\DJROOFRAT\DJ-ROOFRAT\build-vs\Debug\GraphicsContext_Phase8_test.exe
  input_mapper_phase2_test.vcxproj -> C:\DJROOFRAT\DJ-ROOFRAT\build-vs\Debug\InputMapper_Phase2_test.exe
  input_mapper_phase3_test.vcxproj -> C:\DJROOFRAT\DJ-ROOFRAT\build-vs\Debug\InputMapper_Phase3_test.exe
  input_mapper_phase4_test.vcxproj -> C:\DJROOFRAT\DJ-ROOFRAT\build-vs\Debug\InputMapper_Phase4_test.exe
  laser_controller_phase8_test.vcxproj -> C:\DJROOFRAT\DJ-ROOFRAT\build-vs\Debug\LaserController_Phase8_test.exe
  lighting_phase19_test.vcxproj -> C:\DJROOFRAT\DJ-ROOFRAT\build-vs\Debug\Lighting_Phase19_test.exe
  lighting_rig_phase7_test.vcxproj -> C:\DJROOFRAT\DJ-ROOFRAT\build-vs\Debug\LightingRig_Phase7_test.exe
  midicontroller_phase12_test.vcxproj -> C:\DJROOFRAT\DJ-ROOFRAT\build-vs\Debug\MIDIController_Phase12_test.exe
  midicontroller_phase13_test.vcxproj -> C:\DJROOFRAT\DJ-ROOFRAT\build-vs\Debug\MIDIController_Phase13_test.exe
  particles_phase20_test.vcxproj -> C:\DJROOFRAT\DJ-ROOFRAT\build-vs\Debug\Particles_Phase20_test.exe
  recorder_phase14_test.vcxproj -> C:\DJROOFRAT\DJ-ROOFRAT\build-vs\Debug\Recorder_Phase14_test.exe
  tracklibrary_phase11_test.vcxproj -> C:\DJROOFRAT\DJ-ROOFRAT\build-vs\Debug\TrackLibrary_Phase11_test.exe
  trackloader_phase10_test.vcxproj -> C:\DJROOFRAT\DJ-ROOFRAT\build-vs\Debug\TrackLoader_Phase10_test.exe
  trackloader_phase9_test.vcxproj -> C:\DJROOFRAT\DJ-ROOFRAT\build-vs\Debug\TrackLoader_Phase9_test.exe
  vinyl_phase17_test.vcxproj -> C:\DJROOFRAT\DJ-ROOFRAT\build-vs\Debug\Vinyl_Phase17_test.exe
