MSBuild version 17.14.40+3e7442088 for .NET Framework

  1>Checking Build System
  Building Custom Rule C:/DJROOFRAT/DJ-ROOFRAT/CMakeLists.txt
  CrowdStateMachine_Phase5_test.cpp
  CrowdStateMachine.cpp
  Generating Code...
  crowd_phase5_test.vcxproj -> C:\DJROOFRAT\DJ-ROOFRAT\build-vs\Debug\CrowdStateMachine_Phase5_test.exe
  Building Custom Rule C:/DJROOFRAT/DJ-ROOFRAT/CMakeLists.txt
  CrowdStateMachine_Phase6_test.cpp
  CrowdStateMachine.cpp
  Generating Code...
  crowd_phase6_test.vcxproj -> C:\DJROOFRAT\DJ-ROOFRAT\build-vs\Debug\CrowdStateMachine_Phase6_test.exe
  Building Custom Rule C:/DJROOFRAT/DJ-ROOFRAT/CMakeLists.txt
  CrowdRenderer_Phase8_test.cpp
  CrowdRenderer.cpp
  Generating Code...
  crowd_renderer_phase8_test.vcxproj -> C:\DJROOFRAT\DJ-ROOFRAT\build-vs\Debug\CrowdRenderer_Phase8_test.exe
  Building Custom Rule C:/DJROOFRAT/DJ-ROOFRAT/CMakeLists.txt
  Deck_Phase2_test.cpp
  Deck.cpp
  AudioClip.cpp
  ThreeBandEQ.cpp
  TrackLoader.cpp
C:\DJROOFRAT\DJ-ROOFRAT\audio\TrackLoader.cpp(92,116): warning C4100: 'errorOut': unreferenced parameter [C:\DJROOFRAT\DJ-ROOFRAT\build-vs\deck_phase2_test.vcxproj]
  BPMDetector.cpp
  MetadataParser.cpp
C:\DJROOFRAT\DJ-ROOFRAT\audio\MetadataParser.cpp(46,99): warning C4100: 'errorOut': unreferenced parameter [C:\DJROOFRAT\DJ-ROOFRAT\build-vs\deck_phase2_test.vcxproj]
C:\DJROOFRAT\DJ-ROOFRAT\audio\MetadataParser.cpp(102,13): warning C4189: 'encoding': local variable is initialized but not referenced [C:\DJROOFRAT\DJ-ROOFRAT\build-vs\deck_phase2_test.vcxproj]
C:\DJROOFRAT\DJ-ROOFRAT\audio\MetadataParser.cpp(131,99): warning C4100: 'errorOut': unreferenced parameter [C:\DJROOFRAT\DJ-ROOFRAT\build-vs\deck_phase2_test.vcxproj]
  KeyDetector.cpp
C:\DJROOFRAT\DJ-ROOFRAT\audio\KeyDetector.cpp(44,15): warning C4189: 'channels': local variable is initialized but not referenced [C:\DJROOFRAT\DJ-ROOFRAT\build-vs\deck_phase2_test.vcxproj]
C:\DJROOFRAT\DJ-ROOFRAT\audio\KeyDetector.cpp(45,23): warning C4189: 'frameCount': local variable is initialized but not referenced [C:\DJROOFRAT\DJ-ROOFRAT\build-vs\deck_phase2_test.vcxproj]
C:\DJROOFRAT\DJ-ROOFRAT\audio\KeyDetector.cpp(62,25): warning C4189: 'baseCentsPerBin': local variable is initialized but not referenced [C:\DJROOFRAT\DJ-ROOFRAT\build-vs\deck_phase2_test.vcxproj]
  WaveformCache.cpp
  EffectChain.cpp
  Reverb.cpp
  Delay.cpp
  Generating Code...
  deck_phase2_test.vcxproj -> C:\DJROOFRAT\DJ-ROOFRAT\build-vs\Debug\Deck_Phase2_test.exe
  Building Custom Rule C:/DJROOFRAT/DJ-ROOFRAT/CMakeLists.txt
  Deck_Phase3_test.cpp
  Deck.cpp
  AudioClip.cpp
  ThreeBandEQ.cpp
  TrackLoader.cpp
C:\DJROOFRAT\DJ-ROOFRAT\audio\TrackLoader.cpp(92,116): warning C4100: 'errorOut': unreferenced parameter [C:\DJROOFRAT\DJ-ROOFRAT\build-vs\deck_phase3_test.vcxproj]
  BPMDetector.cpp
  MetadataParser.cpp
C:\DJROOFRAT\DJ-ROOFRAT\audio\MetadataParser.cpp(46,99): warning C4100: 'errorOut': unreferenced parameter [C:\DJROOFRAT\DJ-ROOFRAT\build-vs\deck_phase3_test.vcxproj]
C:\DJROOFRAT\DJ-ROOFRAT\audio\MetadataParser.cpp(102,13): warning C4189: 'encoding': local variable is initialized but not referenced [C:\DJROOFRAT\DJ-ROOFRAT\build-vs\deck_phase3_test.vcxproj]
C:\DJROOFRAT\DJ-ROOFRAT\audio\MetadataParser.cpp(131,99): warning C4100: 'errorOut': unreferenced parameter [C:\DJROOFRAT\DJ-ROOFRAT\build-vs\deck_phase3_test.vcxproj]
  KeyDetector.cpp
C:\DJROOFRAT\DJ-ROOFRAT\audio\KeyDetector.cpp(44,15): warning C4189: 'channels': local variable is initialized but not referenced [C:\DJROOFRAT\DJ-ROOFRAT\build-vs\deck_phase3_test.vcxproj]
C:\DJROOFRAT\DJ-ROOFRAT\audio\KeyDetector.cpp(45,23): warning C4189: 'frameCount': local variable is initialized but not referenced [C:\DJROOFRAT\DJ-ROOFRAT\build-vs\deck_phase3_test.vcxproj]
C:\DJROOFRAT\DJ-ROOFRAT\audio\KeyDetector.cpp(62,25): warning C4189: 'baseCentsPerBin': local variable is initialized but not referenced [C:\DJROOFRAT\DJ-ROOFRAT\build-vs\deck_phase3_test.vcxproj]
  WaveformCache.cpp
  EffectChain.cpp
  Reverb.cpp
  Delay.cpp
  Generating Code...
  deck_phase3_test.vcxproj -> C:\DJROOFRAT\DJ-ROOFRAT\build-vs\Debug\Deck_Phase3_test.exe
  Building Custom Rule C:/DJROOFRAT/DJ-ROOFRAT/CMakeLists.txt
  Deck_Phase4_test.cpp
  Deck.cpp
  AudioClip.cpp
  ThreeBandEQ.cpp
  TrackLoader.cpp
C:\DJROOFRAT\DJ-ROOFRAT\audio\TrackLoader.cpp(92,116): warning C4100: 'errorOut': unreferenced parameter [C:\DJROOFRAT\DJ-ROOFRAT\build-vs\deck_phase4_test.vcxproj]
  BPMDetector.cpp
  MetadataParser.cpp
C:\DJROOFRAT\DJ-ROOFRAT\audio\MetadataParser.cpp(46,99): warning C4100: 'errorOut': unreferenced parameter [C:\DJROOFRAT\DJ-ROOFRAT\build-vs\deck_phase4_test.vcxproj]
C:\DJROOFRAT\DJ-ROOFRAT\audio\MetadataParser.cpp(102,13): warning C4189: 'encoding': local variable is initialized but not referenced [C:\DJROOFRAT\DJ-ROOFRAT\build-vs\deck_phase4_test.vcxproj]
C:\DJROOFRAT\DJ-ROOFRAT\audio\MetadataParser.cpp(131,99): warning C4100: 'errorOut': unreferenced parameter [C:\DJROOFRAT\DJ-ROOFRAT\build-vs\deck_phase4_test.vcxproj]
  KeyDetector.cpp
C:\DJROOFRAT\DJ-ROOFRAT\audio\KeyDetector.cpp(44,15): warning C4189: 'channels': local variable is initialized but not referenced [C:\DJROOFRAT\DJ-ROOFRAT\build-vs\deck_phase4_test.vcxproj]
C:\DJROOFRAT\DJ-ROOFRAT\audio\KeyDetector.cpp(45,23): warning C4189: 'frameCount': local variable is initialized but not referenced [C:\DJROOFRAT\DJ-ROOFRAT\build-vs\deck_phase4_test.vcxproj]
C:\DJROOFRAT\DJ-ROOFRAT\audio\KeyDetector.cpp(62,25): warning C4189: 'baseCentsPerBin': local variable is initialized but not referenced [C:\DJROOFRAT\DJ-ROOFRAT\build-vs\deck_phase4_test.vcxproj]
  WaveformCache.cpp
  EffectChain.cpp
  Reverb.cpp
  Delay.cpp
  Generating Code...
  deck_phase4_test.vcxproj -> C:\DJROOFRAT\DJ-ROOFRAT\build-vs\Debug\Deck_Phase4_test.exe
  Building Custom Rule C:/DJROOFRAT/DJ-ROOFRAT/CMakeLists.txt
  main.cpp
  AudioClip.cpp
  TrackLoader.cpp
C:\DJROOFRAT\DJ-ROOFRAT\audio\TrackLoader.cpp(92,116): warning C4100: 'errorOut': unreferenced parameter [C:\DJROOFRAT\DJ-ROOFRAT\build-vs\dj_roofrat.vcxproj]
  ThreeBandEQ.cpp
  Deck.cpp
  Mixer.cpp
  BPMDetector.cpp
  MetadataParser.cpp
C:\DJROOFRAT\DJ-ROOFRAT\audio\MetadataParser.cpp(46,99): warning C4100: 'errorOut': unreferenced parameter [C:\DJROOFRAT\DJ-ROOFRAT\build-vs\dj_roofrat.vcxproj]
C:\DJROOFRAT\DJ-ROOFRAT\audio\MetadataParser.cpp(102,13): warning C4189: 'encoding': local variable is initialized but not referenced [C:\DJROOFRAT\DJ-ROOFRAT\build-vs\dj_roofrat.vcxproj]
C:\DJROOFRAT\DJ-ROOFRAT\audio\MetadataParser.cpp(131,99): warning C4100: 'errorOut': unreferenced parameter [C:\DJROOFRAT\DJ-ROOFRAT\build-vs\dj_roofrat.vcxproj]
  KeyDetector.cpp
C:\DJROOFRAT\DJ-ROOFRAT\audio\KeyDetector.cpp(44,15): warning C4189: 'channels': local variable is initialized but not referenced [C:\DJROOFRAT\DJ-ROOFRAT\build-vs\dj_roofrat.vcxproj]
C:\DJROOFRAT\DJ-ROOFRAT\audio\KeyDetector.cpp(45,23): warning C4189: 'frameCount': local variable is initialized but not referenced [C:\DJROOFRAT\DJ-ROOFRAT\build-vs\dj_roofrat.vcxproj]
C:\DJROOFRAT\DJ-ROOFRAT\audio\KeyDetector.cpp(62,25): warning C4189: 'baseCentsPerBin': local variable is initialized but not referenced [C:\DJROOFRAT\DJ-ROOFRAT\build-vs\dj_roofrat.vcxproj]
  WaveformCache.cpp
  PortAudioPlayer.cpp
  Recorder.cpp
  WAVExporter.cpp
C:\DJROOFRAT\DJ-ROOFRAT\audio\WAVExporter.cpp(66,18): warning C4996: 'fopen': This function or variable may be unsafe. Consider using fopen_s instead. To disable deprecation, use _CRT_SECURE_NO_WARNINGS. See online help for details. [C:\DJROOFRAT\DJ-ROOFRAT\build-vs\dj_roofrat.vcxproj]
C:\DJROOFRAT\DJ-ROOFRAT\audio\WAVExporter.cpp(63,23): warning C4189: 'fileSize': local variable is initialized but not referenced [C:\DJROOFRAT\DJ-ROOFRAT\build-vs\dj_roofrat.vcxproj]
C:\DJROOFRAT\DJ-ROOFRAT\audio\WAVExporter.cpp(123,23): warning C4189: 'bytesPerSample': local variable is initialized but not referenced [C:\DJROOFRAT\DJ-ROOFRAT\build-vs\dj_roofrat.vcxproj]
C:\DJROOFRAT\DJ-ROOFRAT\audio\WAVExporter.cpp(161,23): warning C4267: 'initializing': conversion from 'size_t' to 'uint32_t', possible loss of data [C:\DJROOFRAT\DJ-ROOFRAT\build-vs\dj_roofrat.vcxproj]
C:\DJROOFRAT\DJ-ROOFRAT\audio\WAVExporter.cpp(165,25): warning C4267: 'initializing': conversion from 'size_t' to 'uint16_t', possible loss of data [C:\DJROOFRAT\DJ-ROOFRAT\build-vs\dj_roofrat.vcxproj]
  MP3Exporter.cpp
C:\DJROOFRAT\DJ-ROOFRAT\audio\MP3Exporter.cpp(36,51): warning C4100: 'filename': unreferenced parameter [C:\DJROOFRAT\DJ-ROOFRAT\build-vs\dj_roofrat.vcxproj]
  SessionMetadata.cpp
C:\DJROOFRAT\DJ-ROOFRAT\audio\SessionMetadata.cpp(54,29): warning C4996: 'localtime': This function or variable may be unsafe. Consider using localtime_s instead. To disable deprecation, use _CRT_SECURE_NO_WARNINGS. See online help for details. [C:\DJROOFRAT\DJ-ROOFRAT\build-vs\dj_roofrat.vcxproj]
  Reverb.cpp
  Delay.cpp
  EffectChain.cpp
  CrowdStateMachine.cpp
  WaveformRenderer.cpp
  Generating Code...
  Compiling...
  GraphicsContext.cpp
  LightingRig.cpp
  LaserController.cpp
  CrowdRenderer.cpp
  GameModes.cpp
  InputMapper.cpp
  MIDIDevice.cpp
  MIDIMessage.cpp
  MIDIController.cpp
  MIDIMapping.cpp
  MIDILearnMode.cpp
  ControllerProfiles.cpp
  TrackLibrary.cpp
  LibraryScanner.cpp
  TrackBrowser.cpp
  Generating Code...
  dj_roofrat.vcxproj -> C:\DJROOFRAT\DJ-ROOFRAT\build-vs\Debug\DJ-ROOFRAT.exe
  Building Custom Rule C:/DJROOFRAT/DJ-ROOFRAT/CMakeLists.txt
  Effects_Phase15_test.cpp
  Reverb.cpp
  Delay.cpp
  EffectChain.cpp
  Deck.cpp
  AudioClip.cpp
  ThreeBandEQ.cpp
  TrackLoader.cpp
C:\DJROOFRAT\DJ-ROOFRAT\audio\TrackLoader.cpp(92,116): warning C4100: 'errorOut': unreferenced parameter [C:\DJROOFRAT\DJ-ROOFRAT\build-vs\effects_phase15_test.vcxproj]
  BPMDetector.cpp
  MetadataParser.cpp
C:\DJROOFRAT\DJ-ROOFRAT\audio\MetadataParser.cpp(46,99): warning C4100: 'errorOut': unreferenced parameter [C:\DJROOFRAT\DJ-ROOFRAT\build-vs\effects_phase15_test.vcxproj]
C:\DJROOFRAT\DJ-ROOFRAT\audio\MetadataParser.cpp(102,13): warning C4189: 'encoding': local variable is initialized but not referenced [C:\DJROOFRAT\DJ-ROOFRAT\build-vs\effects_phase15_test.vcxproj]
C:\DJROOFRAT\DJ-ROOFRAT\audio\MetadataParser.cpp(131,99): warning C4100: 'errorOut': unreferenced parameter [C:\DJROOFRAT\DJ-ROOFRAT\build-vs\effects_phase15_test.vcxproj]
  KeyDetector.cpp
C:\DJROOFRAT\DJ-ROOFRAT\audio\KeyDetector.cpp(44,15): warning C4189: 'channels': local variable is initialized but not referenced [C:\DJROOFRAT\DJ-ROOFRAT\build-vs\effects_phase15_test.vcxproj]
C:\DJROOFRAT\DJ-ROOFRAT\audio\KeyDetector.cpp(45,23): warning C4189: 'frameCount': local variable is initialized but not referenced [C:\DJROOFRAT\DJ-ROOFRAT\build-vs\effects_phase15_test.vcxproj]
C:\DJROOFRAT\DJ-ROOFRAT\audio\KeyDetector.cpp(62,25): warning C4189: 'baseCentsPerBin': local variable is initialized but not referenced [C:\DJROOFRAT\DJ-ROOFRAT\build-vs\effects_phase15_test.vcxproj]
  WaveformCache.cpp
  Generating Code...
  effects_phase15_test.vcxproj -> C:\DJROOFRAT\DJ-ROOFRAT\build-vs\Debug\Effects_Phase15_test.exe
  Building Custom Rule C:/DJROOFRAT/DJ-ROOFRAT/CMakeLists.txt
  GraphicsContext_Phase7_test.cpp
  GraphicsContext.cpp
  LaserController.cpp
  CrowdRenderer.cpp
  Generating Code...
  graphics_context_phase7_test.vcxproj -> C:\DJROOFRAT\DJ-ROOFRAT\build-vs\Debug\GraphicsContext_Phase7_test.exe
  Building Custom Rule C:/DJROOFRAT/DJ-ROOFRAT/CMakeLists.txt
  GraphicsContext_Phase8_test.cpp
  GraphicsContext.cpp
  LaserController.cpp
  CrowdRenderer.cpp
  Generating Code...
  graphics_context_phase8_test.vcxproj -> C:\DJROOFRAT\DJ-ROOFRAT\build-vs\Debug\GraphicsContext_Phase8_test.exe
  Building Custom Rule C:/DJROOFRAT/DJ-ROOFRAT/CMakeLists.txt
  InputMapper_Phase2_test.cpp
  InputMapper.cpp
  Generating Code...
  input_mapper_phase2_test.vcxproj -> C:\DJROOFRAT\DJ-ROOFRAT\build-vs\Debug\InputMapper_Phase2_test.exe
  Building Custom Rule C:/DJROOFRAT/DJ-ROOFRAT/CMakeLists.txt
  InputMapper_Phase3_test.cpp
  InputMapper.cpp
  Generating Code...
  input_mapper_phase3_test.vcxproj -> C:\DJROOFRAT\DJ-ROOFRAT\build-vs\Debug\InputMapper_Phase3_test.exe
  Building Custom Rule C:/DJROOFRAT/DJ-ROOFRAT/CMakeLists.txt
  InputMapper_Phase4_test.cpp
  InputMapper.cpp
  Generating Code...
  input_mapper_phase4_test.vcxproj -> C:\DJROOFRAT\DJ-ROOFRAT\build-vs\Debug\InputMapper_Phase4_test.exe
  Building Custom Rule C:/DJROOFRAT/DJ-ROOFRAT/CMakeLists.txt
  LaserController_Phase8_test.cpp
  LaserController.cpp
  Generating Code...
  laser_controller_phase8_test.vcxproj -> C:\DJROOFRAT\DJ-ROOFRAT\build-vs\Debug\LaserController_Phase8_test.exe
  Building Custom Rule C:/DJROOFRAT/DJ-ROOFRAT/CMakeLists.txt
  LightingRig_Phase7_test.cpp
  LightingRig.cpp
  Generating Code...
  lighting_rig_phase7_test.vcxproj -> C:\DJROOFRAT\DJ-ROOFRAT\build-vs\Debug\LightingRig_Phase7_test.exe
  Building Custom Rule C:/DJROOFRAT/DJ-ROOFRAT/CMakeLists.txt
  MIDIController_Phase12_test.cpp
  MIDIDevice.cpp
  MIDIMessage.cpp
  MIDIController.cpp
  Generating Code...
  midicontroller_phase12_test.vcxproj -> C:\DJROOFRAT\DJ-ROOFRAT\build-vs\Debug\MIDIController_Phase12_test.exe
  Building Custom Rule C:/DJROOFRAT/DJ-ROOFRAT/CMakeLists.txt
  MIDIMapping_Phase13_test.cpp
  MIDIMapping.cpp
  MIDILearnMode.cpp
  ControllerProfiles.cpp
  MIDIDevice.cpp
  MIDIMessage.cpp
  MIDIController.cpp
  Generating Code...
  midicontroller_phase13_test.vcxproj -> C:\DJROOFRAT\DJ-ROOFRAT\build-vs\Debug\MIDIController_Phase13_test.exe
  Building Custom Rule C:/DJROOFRAT/DJ-ROOFRAT/CMakeLists.txt
  Recorder_Phase14_test.cpp
  Recorder.cpp
  WAVExporter.cpp
C:\DJROOFRAT\DJ-ROOFRAT\audio\WAVExporter.cpp(66,18): warning C4996: 'fopen': This function or variable may be unsafe. Consider using fopen_s instead. To disable deprecation, use _CRT_SECURE_NO_WARNINGS. See online help for details. [C:\DJROOFRAT\DJ-ROOFRAT\build-vs\recorder_phase14_test.vcxproj]
C:\DJROOFRAT\DJ-ROOFRAT\audio\WAVExporter.cpp(63,23): warning C4189: 'fileSize': local variable is initialized but not referenced [C:\DJROOFRAT\DJ-ROOFRAT\build-vs\recorder_phase14_test.vcxproj]
C:\DJROOFRAT\DJ-ROOFRAT\audio\WAVExporter.cpp(123,23): warning C4189: 'bytesPerSample': local variable is initialized but not referenced [C:\DJROOFRAT\DJ-ROOFRAT\build-vs\recorder_phase14_test.vcxproj]
C:\DJROOFRAT\DJ-ROOFRAT\audio\WAVExporter.cpp(161,23): warning C4267: 'initializing': conversion from 'size_t' to 'uint32_t', possible loss of data [C:\DJROOFRAT\DJ-ROOFRAT\build-vs\recorder_phase14_test.vcxproj]
C:\DJROOFRAT\DJ-ROOFRAT\audio\WAVExporter.cpp(165,25): warning C4267: 'initializing': conversion from 'size_t' to 'uint16_t', possible loss of data [C:\DJROOFRAT\DJ-ROOFRAT\build-vs\recorder_phase14_test.vcxproj]
  MP3Exporter.cpp
C:\DJROOFRAT\DJ-ROOFRAT\audio\MP3Exporter.cpp(36,51): warning C4100: 'filename': unreferenced parameter [C:\DJROOFRAT\DJ-ROOFRAT\build-vs\recorder_phase14_test.vcxproj]
  SessionMetadata.cpp
C:\DJROOFRAT\DJ-ROOFRAT\audio\SessionMetadata.cpp(54,29): warning C4996: 'localtime': This function or variable may be unsafe. Consider using localtime_s instead. To disable deprecation, use _CRT_SECURE_NO_WARNINGS. See online help for details. [C:\DJROOFRAT\DJ-ROOFRAT\build-vs\recorder_phase14_test.vcxproj]
  Generating Code...
  recorder_phase14_test.vcxproj -> C:\DJROOFRAT\DJ-ROOFRAT\build-vs\Debug\Recorder_Phase14_test.exe
  Building Custom Rule C:/DJROOFRAT/DJ-ROOFRAT/CMakeLists.txt
  TrackLibrary_Phase11_test.cpp
  TrackLibrary.cpp
  LibraryScanner.cpp
  TrackBrowser.cpp
  Generating Code...
  tracklibrary_phase11_test.vcxproj -> C:\DJROOFRAT\DJ-ROOFRAT\build-vs\Debug\TrackLibrary_Phase11_test.exe
  Building Custom Rule C:/DJROOFRAT/DJ-ROOFRAT/CMakeLists.txt
  TrackLoader_Phase10_test.cpp
  TrackLoader.cpp
C:\DJROOFRAT\DJ-ROOFRAT\audio\TrackLoader.cpp(92,116): warning C4100: 'errorOut': unreferenced parameter [C:\DJROOFRAT\DJ-ROOFRAT\build-vs\trackloader_phase10_test.vcxproj]
  AudioClip.cpp
  MetadataParser.cpp
C:\DJROOFRAT\DJ-ROOFRAT\audio\MetadataParser.cpp(46,99): warning C4100: 'errorOut': unreferenced parameter [C:\DJROOFRAT\DJ-ROOFRAT\build-vs\trackloader_phase10_test.vcxproj]
C:\DJROOFRAT\DJ-ROOFRAT\audio\MetadataParser.cpp(102,13): warning C4189: 'encoding': local variable is initialized but not referenced [C:\DJROOFRAT\DJ-ROOFRAT\build-vs\trackloader_phase10_test.vcxproj]
C:\DJROOFRAT\DJ-ROOFRAT\audio\MetadataParser.cpp(131,99): warning C4100: 'errorOut': unreferenced parameter [C:\DJROOFRAT\DJ-ROOFRAT\build-vs\trackloader_phase10_test.vcxproj]
  KeyDetector.cpp
C:\DJROOFRAT\DJ-ROOFRAT\audio\KeyDetector.cpp(44,15): warning C4189: 'channels': local variable is initialized but not referenced [C:\DJROOFRAT\DJ-ROOFRAT\build-vs\trackloader_phase10_test.vcxproj]
C:\DJROOFRAT\DJ-ROOFRAT\audio\KeyDetector.cpp(45,23): warning C4189: 'frameCount': local variable is initialized but not referenced [C:\DJROOFRAT\DJ-ROOFRAT\build-vs\trackloader_phase10_test.vcxproj]
C:\DJROOFRAT\DJ-ROOFRAT\audio\KeyDetector.cpp(62,25): warning C4189: 'baseCentsPerBin': local variable is initialized but not referenced [C:\DJROOFRAT\DJ-ROOFRAT\build-vs\trackloader_phase10_test.vcxproj]
  WaveformCache.cpp
  BPMDetector.cpp
  Generating Code...
  trackloader_phase10_test.vcxproj -> C:\DJROOFRAT\DJ-ROOFRAT\build-vs\Debug\TrackLoader_Phase10_test.exe
  Building Custom Rule C:/DJROOFRAT/DJ-ROOFRAT/CMakeLists.txt
  TrackLoader_Phase9_test.cpp
  TrackLoader.cpp
C:\DJROOFRAT\DJ-ROOFRAT\audio\TrackLoader.cpp(92,116): warning C4100: 'errorOut': unreferenced parameter [C:\DJROOFRAT\DJ-ROOFRAT\build-vs\trackloader_phase9_test.vcxproj]
  AudioClip.cpp
  BPMDetector.cpp
  MetadataParser.cpp
C:\DJROOFRAT\DJ-ROOFRAT\audio\MetadataParser.cpp(46,99): warning C4100: 'errorOut': unreferenced parameter [C:\DJROOFRAT\DJ-ROOFRAT\build-vs\trackloader_phase9_test.vcxproj]
C:\DJROOFRAT\DJ-ROOFRAT\audio\MetadataParser.cpp(102,13): warning C4189: 'encoding': local variable is initialized but not referenced [C:\DJROOFRAT\DJ-ROOFRAT\build-vs\trackloader_phase9_test.vcxproj]
C:\DJROOFRAT\DJ-ROOFRAT\audio\MetadataParser.cpp(131,99): warning C4100: 'errorOut': unreferenced parameter [C:\DJROOFRAT\DJ-ROOFRAT\build-vs\trackloader_phase9_test.vcxproj]
  KeyDetector.cpp
C:\DJROOFRAT\DJ-ROOFRAT\audio\KeyDetector.cpp(44,15): warning C4189: 'channels': local variable is initialized but not referenced [C:\DJROOFRAT\DJ-ROOFRAT\build-vs\trackloader_phase9_test.vcxproj]
C:\DJROOFRAT\DJ-ROOFRAT\audio\KeyDetector.cpp(45,23): warning C4189: 'frameCount': local variable is initialized but not referenced [C:\DJROOFRAT\DJ-ROOFRAT\build-vs\trackloader_phase9_test.vcxproj]
C:\DJROOFRAT\DJ-ROOFRAT\audio\KeyDetector.cpp(62,25): warning C4189: 'baseCentsPerBin': local variable is initialized but not referenced [C:\DJROOFRAT\DJ-ROOFRAT\build-vs\trackloader_phase9_test.vcxproj]
  WaveformCache.cpp
  Generating Code...
  trackloader_phase9_test.vcxproj -> C:\DJROOFRAT\DJ-ROOFRAT\build-vs\Debug\TrackLoader_Phase9_test.exe
  Building Custom Rule C:/DJROOFRAT/DJ-ROOFRAT/CMakeLists.txt
